// Jest Snapshot v1, https://goo.gl/fbAQLP

exports[`should render all node titles in the first level of the received tree and highlight the active node 1`] = `
<div>
  <div
    class="dnt__notes-list"
  >
    <div
      class="dnt__toolbar"
    >
      <button
        class="dnt__tool"
      >
        tool1
      </button>
      <button
        class="dnt__tool"
      >
        tool2
      </button>
    </div>
    <nav
      class="dnt__pathnav"
    >
      <ul>
        <li
          class="lined dnt__pathnav-segment--active"
        >
          <span>
            root-folder 1
            &gt;
          </span>
        </li>
      </ul>
    </nav>
    <div
      class="rst__tree tree dnt__tree"
      style="height: 100%;"
    >
      <div>
        <div
          aria-label="grid"
          aria-readonly="true"
          class="ReactVirtualized__Grid ReactVirtualized__List rst__virtualScrollOverride"
          role="grid"
          style="box-sizing: border-box; direction: ltr; height: 99999px; position: relative; width: 200px; overflow-x: hidden; overflow-y: hidden;"
          tabindex="0"
        >
          <div
            class="ReactVirtualized__Grid__innerScrollContainer"
            role="rowgroup"
            style="width: auto; height: 186px; max-width: 200px; max-height: 186px; overflow: hidden; position: relative;"
          >
            <div
              class="node"
              style="height: 62px; left: 0px; position: absolute; top: 0px; width: 100%;"
            >
              <div
                class="nodeContent"
                style="padding-left: 0px;"
              >
                <div
                  data-testid="FOLDER_NODE|^|1"
                  style="height: 100%;"
                  tabindex="0"
                >
                  <div>
                    <button
                      aria-label="Collapse"
                      class="expandButton"
                      type="button"
                    />
                  </div>
                  <div
                    class="rowWrapper"
                  >
                    <div
                      class="row dnt__tree-node dnt__tree-node--active"
                      style="opacity: 1; padding-left: 45px;"
                    >
                      <div
                        class="rowContents"
                        draggable="true"
                      >
                        <div
                          class="rowLabel"
                        >
                          <span
                            class="rowTitle"
                          >
                            <form>
                              <input
                                class="dnt__node-title"
                                type="text"
                                value="root-folder 1"
                              />
                            </form>
                          </span>
                          
                        </div>
                        <div
                          class="rowToolbar"
                        >
                          <div
                            class="toolbarButton"
                          >
                            <button
                              class="dnt__tree-node-btn"
                            >
                              +
                            </button>
                          </div>
                          <div
                            class="toolbarButton"
                          >
                            <button
                              class="dnt__tree-node-btn"
                            >
                              x
                            </button>
                          </div>
                        </div>
                      </div>
                    </div>
                  </div>
                </div>
              </div>
            </div>
            <div
              class="node"
              style="height: 62px; left: 0px; position: absolute; top: 62px; width: 100%;"
            >
              <div
                class="nodeContent"
                style="padding-left: 0px;"
              >
                <div
                  data-testid="ITEM_NODE|^|8"
                  style="height: 100%;"
                  tabindex="0"
                >
                  <div
                    class="rowWrapper"
                  >
                    <div
                      class="row dnt__tree-node"
                      style="opacity: 1; padding-left: 45px;"
                    >
                      <div
                        class="rowContents"
                        draggable="true"
                      >
                        <div
                          class="rowLabel"
                        >
                          <span
                            class="rowTitle"
                          >
                            <form>
                              <input
                                class="dnt__node-title"
                                type="text"
                                value="root-note 1"
                              />
                            </form>
                          </span>
                          
                        </div>
                        <div
                          class="rowToolbar"
                        >
                          <div
                            class="toolbarButton"
                          >
                            <button
                              class="dnt__tree-node-btn"
                            >
                              x
                            </button>
                          </div>
                        </div>
                      </div>
                    </div>
                  </div>
                </div>
              </div>
            </div>
            <div
              class="node"
              style="height: 62px; left: 0px; position: absolute; top: 124px; width: 100%;"
            >
              <div
                class="nodeContent"
                style="padding-left: 0px;"
              >
                <div
                  data-testid="FOLDER_NODE|^|9"
                  style="height: 100%;"
                  tabindex="0"
                >
                  <div
                    class="rowWrapper"
                  >
                    <div
                      class="row dnt__tree-node"
                      style="opacity: 1; padding-left: 45px;"
                    >
                      <div
                        class="rowContents"
                        draggable="true"
                      >
                        <div
                          class="rowLabel"
                        >
                          <span
                            class="rowTitle"
                          >
                            <form>
                              <input
                                class="dnt__node-title"
                                type="text"
                                value="root-folder 2"
                              />
                            </form>
                          </span>
                          
                        </div>
                        <div
                          class="rowToolbar"
                        >
                          <div
                            class="toolbarButton"
                          >
                            <button
                              class="dnt__tree-node-btn"
                            >
                              +
                            </button>
                          </div>
                          <div
                            class="toolbarButton"
                          >
                            <button
                              class="dnt__tree-node-btn"
                            >
                              x
                            </button>
                          </div>
                        </div>
                      </div>
                    </div>
                  </div>
                </div>
              </div>
            </div>
          </div>
        </div>
      </div>
    </div>
  </div>
</div>
`;
