// Jest Snapshot v1, https://goo.gl/fbAQLP

exports[`should render all node titles of the received tree and highlight the active node 1`] = `
<div>
  <div
    class="dnt__notes-list"
  >
    <header
      class="MuiPaper-root-10 MuiPaper-elevation4-16 MuiAppBar-root-1 MuiAppBar-positionStatic-5 MuiAppBar-colorPrimary-8 dnt__notes-list-header"
    >
      <div
        class="MuiToolbar-root-37 MuiToolbar-regular-39 dnt__notes-list-muitoolbar"
      >
        <button
          aria-label="Go up a folder"
          class="MuiButtonBase-root-47 MuiIconButton-root-41 MuiIconButton-colorInherit-42"
          tabindex="0"
          type="button"
        >
          <span
            class="MuiIconButton-label-46"
          >
            <svg
              aria-hidden="true"
              class="MuiSvgIcon-root-50"
              focusable="false"
              role="presentation"
              viewBox="0 0 24 24"
            >
              <path
                d="M11.67 3.87L9.9 2.1 0 12l9.9 9.9 1.77-1.77L3.54 12z"
              />
              <path
                d="M0 0h24v24H0z"
                fill="none"
              />
            </svg>
          </span>
          <span
            class="MuiTouchRipple-root-95"
          />
        </button>
        <h5
          class="MuiTypography-root-59 MuiTypography-h5-75 MuiTypography-colorInherit-88 MuiTypography-inline-94"
        >
          TEST FOLDER NAME
        </h5>
        <button
          aria-label="Home"
          class="MuiButtonBase-root-47 MuiIconButton-root-41 MuiIconButton-colorInherit-42"
          tabindex="0"
          type="button"
        >
          <span
            class="MuiIconButton-label-46"
          >
            <svg
              aria-hidden="true"
              class="MuiSvgIcon-root-50"
              focusable="false"
              role="presentation"
              viewBox="0 0 24 24"
            >
              <path
                d="M10 20v-6h4v6h5v-8h3L12 3 2 12h3v8z"
              />
              <path
                d="M0 0h24v24H0z"
                fill="none"
              />
            </svg>
          </span>
          <span
            class="MuiTouchRipple-root-95"
          />
        </button>
      </div>
    </header>
    <div
      class="rst__tree tree dnt__tree"
      style="height: 100%;"
    >
      <div>
        <div
          aria-label="grid"
          aria-readonly="true"
          class="ReactVirtualized__Grid ReactVirtualized__List rst__virtualScrollOverride"
          role="grid"
          style="box-sizing: border-box; direction: ltr; height: 99999px; position: relative; width: 200px; will-change: transform; overflow-x: hidden; overflow-y: hidden;"
          tabindex="0"
        >
          <div
            class="ReactVirtualized__Grid__innerScrollContainer"
            role="rowgroup"
            style="width: auto; height: 248px; max-width: 200px; max-height: 248px; overflow: hidden; position: relative;"
          >
            <div
              class="node"
              style="height: 62px; left: 0px; position: absolute; top: 0px; width: 100%;"
            >
              <div
                class="nodeContent"
                style="padding-left: 0px;"
              >
                <div
                  data-testid="ITEM_NODE|^|2"
                  style="height: 100%;"
                  tabindex="0"
                >
                  <div
                    class="rowWrapper"
                  >
                    <div
                      class="row dnt__tree-node"
                      style="opacity: 1; padding-left: 20px;"
                    >
                      <div
                        class="rowContents"
                        draggable="true"
                      >
                        <div
                          class="rowLabel"
                        >
                          <span
                            class="rowTitle"
                          >
                            <form>
                              <input
                                class="dnt__node-title"
                                type="text"
                                value="note root0.children0"
                              />
                            </form>
                          </span>
                          
                        </div>
                        <div
                          class="rowToolbar"
                        >
                          <div
                            class="toolbarButton"
                          >
                            <button
                              class="dnt__tree-node-btn"
                            >
                              x
                            </button>
                          </div>
                        </div>
                      </div>
                    </div>
                  </div>
                </div>
              </div>
            </div>
            <div
              class="node"
              style="height: 62px; left: 0px; position: absolute; top: 62px; width: 100%;"
            >
              <div
                class="nodeContent"
                style="padding-left: 0px;"
              >
                <div
                  data-testid="ITEM_NODE|^|3"
                  style="height: 100%;"
                  tabindex="0"
                >
                  <div
                    class="rowWrapper"
                  >
                    <div
                      class="row dnt__tree-node dnt__tree-node--active"
                      style="opacity: 1; padding-left: 20px;"
                    >
                      <div
                        class="rowContents"
                        draggable="true"
                      >
                        <div
                          class="rowLabel"
                        >
                          <span
                            class="rowTitle"
                          >
                            <form>
                              <input
                                class="dnt__node-title"
                                type="text"
                                value="note root0.children1"
                              />
                            </form>
                          </span>
                          
                        </div>
                        <div
                          class="rowToolbar"
                        >
                          <div
                            class="toolbarButton"
                          >
                            <button
                              class="dnt__tree-node-btn"
                            >
                              x
                            </button>
                          </div>
                        </div>
                      </div>
                    </div>
                  </div>
                </div>
              </div>
            </div>
            <div
              class="node"
              style="height: 62px; left: 0px; position: absolute; top: 124px; width: 100%;"
            >
              <div
                class="nodeContent"
                style="padding-left: 0px;"
              >
                <div
                  data-testid="FOLDER_NODE|^|4"
                  style="height: 100%;"
                  tabindex="0"
                >
                  <div
                    class="rowWrapper"
                  >
                    <div
                      class="row dnt__tree-node"
                      style="opacity: 1; padding-left: 20px;"
                    >
                      <div
                        class="rowContents"
                        draggable="true"
                      >
                        <div
                          class="rowLabel"
                        >
                          <span
                            class="rowTitle"
                          >
                            <form>
                              <input
                                class="dnt__node-title"
                                type="text"
                                value="folder root0.children2"
                              />
                            </form>
                          </span>
                          
                        </div>
                        <div
                          class="rowToolbar"
                        >
                          <div
                            class="toolbarButton"
                          >
                            <span>
                              2
                            </span>
                          </div>
                          <div
                            class="toolbarButton"
                          >
                            <svg
                              aria-hidden="true"
                              class="MuiSvgIcon-root-50"
                              focusable="false"
                              role="presentation"
                              viewBox="0 0 24 24"
                            >
                              <path
                                d="M5.88 4.12L13.76 12l-7.88 7.88L8 22l10-10L8 2z"
                              />
                              <path
                                d="M0 0h24v24H0z"
                                fill="none"
                              />
                            </svg>
                          </div>
                          <div
                            class="toolbarButton"
                          >
                            <button
                              class="dnt__tree-node-btn"
                            >
                              x
                            </button>
                          </div>
                        </div>
                      </div>
                    </div>
                  </div>
                </div>
              </div>
            </div>
            <div
              class="node"
              style="height: 62px; left: 0px; position: absolute; top: 186px; width: 100%;"
            >
              <div
                class="nodeContent"
                style="padding-left: 0px;"
              >
                <div
                  data-testid="FOLDER_NODE|^|7"
                  style="height: 100%;"
                  tabindex="0"
                >
                  <div
                    class="rowWrapper"
                  >
                    <div
                      class="row dnt__tree-node"
                      style="opacity: 1; padding-left: 20px;"
                    >
                      <div
                        class="rowContents"
                        draggable="true"
                      >
                        <div
                          class="rowLabel"
                        >
                          <span
                            class="rowTitle"
                          >
                            <form>
                              <input
                                class="dnt__node-title"
                                type="text"
                                value="folder root0.children3"
                              />
                            </form>
                          </span>
                          
                        </div>
                        <div
                          class="rowToolbar"
                        >
                          <div
                            class="toolbarButton"
                          >
                            <svg
                              aria-hidden="true"
                              class="MuiSvgIcon-root-50"
                              focusable="false"
                              role="presentation"
                              viewBox="0 0 24 24"
                            >
                              <path
                                d="M5.88 4.12L13.76 12l-7.88 7.88L8 22l10-10L8 2z"
                              />
                              <path
                                d="M0 0h24v24H0z"
                                fill="none"
                              />
                            </svg>
                          </div>
                          <div
                            class="toolbarButton"
                          >
                            <button
                              class="dnt__tree-node-btn"
                            >
                              x
                            </button>
                          </div>
                        </div>
                      </div>
                    </div>
                  </div>
                </div>
              </div>
            </div>
          </div>
        </div>
      </div>
    </div>
    <div
      class="dnt__notes-list-appbar"
    >
      <header
        class="MuiPaper-root-10 MuiPaper-elevation4-16 MuiAppBar-root-1 MuiAppBar-positionStatic-5 MuiAppBar-colorDefault-7"
      >
        <div
          class="MuiToolbar-root-37 MuiToolbar-regular-39 MuiToolbar-gutters-38 dnt__notes-list-muitoolbar"
        >
          <button
            aria-label="New Folder"
            class="MuiButtonBase-root-47 MuiIconButton-root-41 MuiIconButton-colorPrimary-43"
            tabindex="0"
            type="button"
          >
            <span
              class="MuiIconButton-label-46"
            >
              <svg
                aria-hidden="true"
                class="MuiSvgIcon-root-50"
                focusable="false"
                role="presentation"
                viewBox="0 0 24 24"
              >
                <path
                  d="M0 0h24v24H0V0z"
                  fill="none"
                />
                <path
                  d="M20 6h-8l-2-2H4c-1.11 0-1.99.89-1.99 2L2 18c0 1.11.89 2 2 2h16c1.11 0 2-.89 2-2V8c0-1.11-.89-2-2-2zm-1 8h-3v3h-2v-3h-3v-2h3V9h2v3h3v2z"
                />
              </svg>
            </span>
            <span
              class="MuiTouchRipple-root-95"
            />
          </button>
          <button
            aria-label="New Note"
            class="MuiButtonBase-root-47 MuiIconButton-root-41 MuiIconButton-colorPrimary-43"
            tabindex="0"
            type="button"
          >
            <span
              class="MuiIconButton-label-46"
            >
              <svg
                aria-hidden="true"
                class="MuiSvgIcon-root-50"
                focusable="false"
                role="presentation"
                viewBox="0 0 24 24"
              >
                <path
                  d="M0 0h24v24H0z"
                  fill="none"
                />
                <path
                  d="M14 2H6c-1.1 0-1.99.9-1.99 2L4 20c0 1.1.89 2 1.99 2H18c1.1 0 2-.9 2-2V8l-6-6zm2 14h-3v3h-2v-3H8v-2h3v-3h2v3h3v2zm-3-7V3.5L18.5 9H13z"
                />
              </svg>
            </span>
            <span
              class="MuiTouchRipple-root-95"
            />
          </button>
        </div>
      </header>
    </div>
  </div>
</div>
`;

exports[`should render header, tree and app bar properly in non-root-view mode 1`] = `
<div
  className="dnt__notes-list"
>
  <WithStyles(AppBar)
    className="dnt__notes-list-header"
    color="primary"
    position="static"
  >
    <WithStyles(Toolbar)
      className="dnt__notes-list-muitoolbar"
      disableGutters={true}
    >
      <WithStyles(IconButton)
        aria-label="Go up a folder"
        color="inherit"
        onClick={[MockFunction]}
      >
        <pure(ArrowBackIosIcon) />
      </WithStyles(IconButton)>
      <WithStyles(Typography)
        color="inherit"
        inline={true}
        variant="h6"
      >
        TEST FOLDER NAME
      </WithStyles(Typography)>
      <WithStyles(IconButton)
        aria-label="Home"
        color="inherit"
        onClick={[MockFunction]}
      >
        <pure(HomeIcon) />
      </WithStyles(IconButton)>
    </WithStyles(Toolbar)>
  </WithStyles(AppBar)>
  <DragDropContext(ReactSortableTree)
    className="tree dnt__tree"
    generateNodeProps={[Function]}
    getNodeKey={[Function]}
    onChange={[MockFunction]}
    rowHeight={62}
    theme={
      Object {
        "nodeContentRenderer": [Function],
        "scaffoldBlockPxWidth": 20,
        "treeNodeRenderer": [Function],
      }
    }
    treeData={
      Array [
        Object {
          "id": "ITEM_NODE|^|2",
          "subtitle": "",
          "title": "note root0.children0",
          "type": "ITEM_NODE",
          "uniqid": "2",
        },
        Object {
          "id": "ITEM_NODE|^|3",
          "subtitle": "",
          "title": "note root0.children1",
          "type": "ITEM_NODE",
          "uniqid": "3",
        },
        Object {
          "children": Array [
            Object {
              "id": "ITEM_NODE|^|5",
              "subtitle": "",
              "title": "note root0.children2.children0",
              "type": "ITEM_NODE",
              "uniqid": "5",
            },
            Object {
              "id": "ITEM_NODE|^|6",
              "subtitle": "",
              "title": "note root0.children2.children1",
              "type": "ITEM_NODE",
              "uniqid": "6",
            },
          ],
          "expanded": false,
          "id": "FOLDER_NODE|^|4",
          "subtitle": "",
          "title": "folder root0.children2",
          "type": "FOLDER_NODE",
          "uniqid": "4",
        },
        Object {
          "children": Array [],
          "expanded": false,
          "id": "FOLDER_NODE|^|7",
          "subtitle": "",
          "title": "folder root0.children3",
          "type": "FOLDER_NODE",
          "uniqid": "7",
        },
      ]
    }
  />
  <div
    className="dnt__notes-list-appbar"
  >
    <WithStyles(AppBar)
      color="default"
      position="static"
    >
      <WithStyles(Toolbar)
        className="dnt__notes-list-muitoolbar"
      >
        <WithStyles(IconButton)
          aria-label="New Folder"
          color="primary"
          onClick={[MockFunction]}
        >
          <pure(CreateNewFolderIcon) />
        </WithStyles(IconButton)>
        <WithStyles(IconButton)
          aria-label="New Note"
          color="primary"
          onClick={[MockFunction]}
        >
          <pure(NoteAddIcon) />
        </WithStyles(IconButton)>
      </WithStyles(Toolbar)>
    </WithStyles(AppBar)>
  </div>
</div>
`;
