// Jest Snapshot v1, https://goo.gl/fbAQLP

exports[`renders Main correctly using EditorContainer, NotesListContainer and DrawerButtonContainer 1`] = `
<div
  className="dnt__main-root"
>
  <main
    className="dnt__main-editor"
  >
    <WithStyles(Paper)
      elevation={1}
    >
      <Connect(Editor)
        minimalist={false}
        options={
          Object {
            "placeholder": "Welcome to deNotes! v0.02",
          }
        }
      />
    </WithStyles(Paper)>
  </main>
  <nav
    className="dnt__main-nav"
  >
    <Connect(NotesListDrawer)
      drawerSide="left"
      size="medium"
    />
  </nav>
  <Connect(DrawerButton)
    className="dnt__main-nav-btn"
    size="medium"
  />
</div>
`;
