// Jest Snapshot v1, https://goo.gl/fbAQLP

exports[`renders NotesListDrawer correctly with prop values taken from redux store, including merge props 1`] = `
<NotesListDrawer
  activeNode={
    Object {
      "id": "FOLDER_NODE|^|1",
      "path": Array [
        "FOLDER_NODE|^|1",
      ],
    }
  }
  backBtnHandler={[Function]}
  currentFolderName="folder root0"
  deleteNodeBtnHandler={[Function]}
  drawerCloseHandler={[Function]}
  drawerOpen={true}
  dummyProp="dummy"
  editBtnHandler={[Function]}
  editDoneBtnHandler={[Function]}
  editMode={true}
  editModeSelectedNodes={
    Array [
      "selected_id1",
      "selected_id2",
    ]
  }
  getNodeKey={[Function]}
  homeBtnHandler={[Function]}
  nodeClickHandler={[Function]}
  nodeDoubleClickHandler={[Function]}
  nodeTitleChangeHandler={[Function]}
  rootViewOn={false}
  toolbarHandlers={
    Array [
      [Function],
      [Function],
    ]
  }
  tree={
    Array [
      Object {
        "id": "ITEM_NODE|^|2",
        "subtitle": "",
        "title": "note root0.children0",
        "type": "ITEM_NODE",
        "uniqid": "2",
      },
      Object {
        "id": "ITEM_NODE|^|3",
        "subtitle": "",
        "title": "note root0.children1",
        "type": "ITEM_NODE",
        "uniqid": "3",
      },
      Object {
        "children": Array [
          Object {
            "id": "ITEM_NODE|^|5",
            "subtitle": "",
            "title": "note root0.children2.children0",
            "type": "ITEM_NODE",
            "uniqid": "5",
          },
          Object {
            "id": "ITEM_NODE|^|6",
            "subtitle": "",
            "title": "note root0.children2.children1",
            "type": "ITEM_NODE",
            "uniqid": "6",
          },
        ],
        "expanded": true,
        "id": "FOLDER_NODE|^|4",
        "subtitle": "",
        "title": "folder root0.children2",
        "type": "FOLDER_NODE",
        "uniqid": "4",
      },
      Object {
        "children": Array [],
        "expanded": true,
        "id": "FOLDER_NODE|^|7",
        "subtitle": "",
        "title": "folder root0.children3",
        "type": "FOLDER_NODE",
        "uniqid": "7",
      },
    ]
  }
  treeChangeHandler={[Function]}
/>
`;
